apiVersion: v1
data:
  ca-bundle.crt: '-----BEGIN CERTIFICATE-----

    ...

    -----END CERTIFICATE-----

    '
kind: ConfigMap
metadata:
  annotations:
    argocd.argoproj.io/compare-options: IgnoreExtraneous
    argocd.argoproj.io/sync-options: Prune=false
  labels:
    name: user-ca-bundle
  name: user-ca-bundle
